    PID  RUID  EUID COMMAND
      1     0     0 systemd
      2     0     0 kthreadd
      3     0     0 pool_workqueue_release
      4     0     0 kworker/R-rcu_gp
      5     0     0 kworker/R-sync_wq
      6     0     0 kworker/R-kvfree_rcu_reclaim
      7     0     0 kworker/R-slub_flushwq
      8     0     0 kworker/R-netns
     10     0     0 kworker/0:0H-events_highpri
     13     0     0 kworker/R-mm_percpu_wq
     15     0     0 ksoftirqd/0
     16     0     0 rcu_preempt
     17     0     0 rcu_exp_par_gp_kthread_worker/0
     18     0     0 rcu_exp_gp_kthread_worker
     19     0     0 migration/0
     20     0     0 idle_inject/0
     21     0     0 cpuhp/0
     22     0     0 cpuhp/1
     23     0     0 idle_inject/1
     24     0     0 migration/1
     25     0     0 ksoftirqd/1
     27     0     0 kworker/1:0H-events_highpri
     28     0     0 kdevtmpfs
     29     0     0 kworker/R-inet_frag_wq
     30     0     0 rcu_tasks_kthread
     31     0     0 rcu_tasks_rude_kthread
     32     0     0 rcu_tasks_trace_kthread
     33     0     0 kauditd
     34     0     0 oom_reaper
     36     0     0 kworker/R-writeback
     37     0     0 kcompactd0
     38     0     0 ksmd
     39     0     0 khugepaged
     40     0     0 kworker/R-kblockd
     41     0     0 kworker/R-blkcg_punt_bio
     42     0     0 kworker/R-kintegrityd
     43     0     0 irq/9-acpi
     45     0     0 kworker/R-tpm_dev_wq
     46     0     0 kworker/R-ata_sff
     47     0     0 kworker/R-md_bitmap
     48     0     0 kworker/R-md
     49     0     0 kworker/R-edac-poller
     50     0     0 kworker/R-devfreq_wq
     51     0     0 watchdogd
     52     0     0 kworker/R-quota_events_unbound
     53     0     0 kworker/1:1H-kblockd
     54     0     0 kswapd0
     55     0     0 kworker/R-cryptd
     58     0     0 kworker/R-kthrotld
     59     0     0 kworker/R-acpi_thermal_pm
     60     0     0 kworker/R-dm_bufio_cache
     61     0     0 kworker/R-mld
     62     0     0 kworker/R-ipv6_addrconf
     63     0     0 kworker/R-kstrp
     73     0     0 kworker/u9:0
    152     0     0 kworker/0:1H-kblockd
    255     0     0 kworker/u8:3-btrfs-endio-meta
    413     0     0 kworker/u8:4-events_unbound
    519     0     0 kworker/R-hv_vmbus_con
    520     0     0 kworker/R-hv_vmbus_rescind
    521     0     0 kworker/R-hv_pri_chan
    522     0     0 kworker/R-hv_sub_chan
    539     0     0 card1-crtc0
    546     0     0 scsi_eh_0
    547     0     0 kworker/R-scsi_tmf_0
    849     0     0 kworker/R-kdmflush/252:0
    850     0     0 kworker/R-kcryptd_io-252:0-1
    851     0     0 kworker/R-kcryptd-252:0-1
    852     0     0 dmcrypt_write/252:0
    876     0     0 kworker/R-btrfs-worker
    877     0     0 kworker/R-btrfs-delalloc
    878     0     0 kworker/R-btrfs-flush_delalloc
    879     0     0 kworker/R-btrfs-cache
    880     0     0 kworker/R-btrfs-fixup
    881     0     0 kworker/R-btrfs-endio
    882     0     0 kworker/R-btrfs-endio-meta
    883     0     0 kworker/R-btrfs-rmw
    884     0     0 kworker/R-btrfs-endio-write
    885     0     0 kworker/R-btrfs-freespace-write
    886     0     0 kworker/R-btrfs-delayed-meta
    887     0     0 kworker/R-btrfs-qgroup-rescan
    888     0     0 btrfs-cleaner
    889     0     0 btrfs-transaction
   1141     0     0 systemd-journal
   1167     0     0 systemd-userdbd
   1175   193   193 systemd-resolve
   1180     0     0 systemd-udevd
   1181     0     0 psimon
   1214   998   998 systemd-oomd
   1231     0     0 hv_balloon
   1245     0     0 jbd2/sda2-8
   1246     0     0 kworker/R-ext4-rsv-conversion
   1266     0     0 auditd
   1288    81    81 dbus-broker-lau
   1296    81    81 dbus-broker
   1299    70    70 avahi-daemon
   1302     0     0 hv_kvp_daemon
   1303     0     0 hv_vss_daemon
   1305     0     0 irqbalance
   1309   114   114 polkitd
   1311   980   980 rtkit-daemon
   1312     0     0 switcheroo-cont
   1313     0     0 systemd-homed
   1314     0     0 systemd-machine
   1315     0     0 udisksd
   1318     0     0 upowerd
   1336     0     0 abrtd
   1341     0     0 psimon
   1345     0     0 accounts-daemon
   1347     0     0 systemd-logind
   1352    70    70 avahi-daemon
   1394     0     0 ModemManager
   1397     0     0 firewalld
   1402     0     0 abrt-dump-journ
   1404     0     0 abrt-dump-journ
   1405     0     0 abrt-dump-journ
   1456     0     0 NetworkManager
   1464     0     0 kworker/R-rpciod
   1465     0     0 kworker/R-xprtiod
   1470     0     0 AmneziaVPN-serv
   1472     0     0 cupsd
   1473     0     0 gssproxy
   1474     0     0 tuned
   1528     0     0 tuned-ppd
   1542     0     0 rsyslogd
   1554     0     0 atd
   1557     0     0 crond
   1562     0     0 gdm
   1621     0     0 uresourced
   1623     0     0 psimon
   1754   974   974 colord
   1894   993   993 pcscd
   2257     0     0 wpa_supplicant
   2360     0     0 gdm-session-wor
   2403  1000  1000 systemd
   2405  1000  1000 (sd-pam)
   2422  1000  1000 gnome-keyring-d
   2434  1000  1000 gdm-wayland-ses
   2437  1000  1000 dbus-broker-lau
   2459  1000  1000 dbus-broker
   2462  1000  1000 gnome-session-i
   2508  1000  1000 gnome-session-c
   2509  1000  1000 uresourced
   2515  1000  1000 gnome-session-s
   2518  1000  1000 gvfsd
   2529  1000  1000 gvfsd-fuse
   2531  1000  1000 gnome-shell
   2541  1000  1000 pipewire
   2542  1000  1000 wireplumber
   2589  1000  1000 at-spi-bus-laun
   2595  1000  1000 dbus-broker-lau
   2596  1000  1000 dbus-broker
   2597  1000  1000 at-spi2-registr
   2605  1000  1000 gnome-shell-cal
   2606  1000  1000 xdg-permission-
   2663  1000  1000 gjs
   2668  1000  1000 ibus-daemon
   2671  1000  1000 gsd-a11y-settin
   2672  1000  1000 gsd-color
   2673  1000  1000 gsd-datetime
   2676  1000  1000 gsd-housekeepin
   2690  1000  1000 gsd-keyboard
   2694  1000  1000 gsd-media-keys
   2707  1000  1000 ibus-dconf
   2708  1000  1000 ibus-extension-
   2716  1000  1000 gsd-power
   2718  1000  1000 gsd-print-notif
   2724  1000  1000 gsd-rfkill
   2747  1000  1000 gsd-screensaver
   2749  1000  1000 gsd-sharing
   2754  1000  1000 gsd-smartcard
   2780  1000  1000 gsd-disk-utilit
   2782  1000  1000 gsd-sound
   2783  1000  1000 gsd-usb-protect
   2789  1000  1000 gsd-wwan
   2800  1000  1000 ibus-portal
   2801  1000  1000 evolution-sourc
   2809  1000  1000 gvfs-udisks2-vo
   2856  1000  1000 evolution-alarm
   2859  1000  1000 gnome-software
   2906  1000  1000 localsearch-3
   2946  1000  1000 xdg-desktop-por
   2950  1000  1000 goa-daemon
   2955  1000  1000 gjs
   2956  1000  1000 gvfs-mtp-volume
   2957  1000  1000 pipewire-pulse
   2979  1000  1000 evolution-calen
   2980  1000  1000 gvfs-gphoto2-vo
   2981  1000  1000 xdg-document-po
   2991  1000     0 fusermount3
   2999  1000  1000 gvfs-goa-volume
   3001  1000  1000 xdg-desktop-por
   3004  1000  1000 goa-identity-se
   3012  1000  1000 gvfs-afc-volume
   3062  1000  1000 evolution-addre
   3113  1000  1000 ibus-engine-sim
   3114  1000  1000 gvfsd-metadata
   3246  1000  1000 gsd-printer
   3341  1000  1000 xdg-desktop-por
   3355  1000  1000 gnome-keyring-d
   3396     0     0 fwupd
   3466     0     0 dnf5daemon-serv
   3620  1000  1000 ptyxis
   3628  1000  1000 ptyxis-agent
   3647  1000  1000 catatonit
   3683  1000  1000 Xwayland
   3686  1000  1000 gsd-xsettings
   3697  1000  1000 mutter-x11-fram
   3702  1000  1000 ibus-x11
   3878  1000  1000 bwrap
   3879  1000  1000 bwrap
   3880  1000  1000 glycin-image-rs
   3883  1000  1000 bash
   3917  1000  1000 ibus-engine-tb
   3990   968   968 passimd
   4053  1000  1000 dconf-service
   5062  1000  1000 bash
   5107  1000     0 su
   5120  1234  1234 systemd
   5124  1234  1234 (sd-pam)
   5142  1234  1234 bash
   5288     0     0 kworker/1:0-mm_percpu_wq
   5423     0     0 kworker/u8:2-btrfs-endio
   5588   996   996 systemd-timesyn
   5655   975   975 sssd_kcm
   5679     0     0 kworker/0:2-events
   6059     0     0 kworker/0:1-events
   6061     0     0 kworker/1:2-mm_percpu_wq
   6063     0     0 systemd-userwor
   6080     0     0 systemd-userwor
   6091     0     0 kworker/0:0-events
   6092     0     0 kworker/u8:0-events_unbound
   6166     0     0 kworker/1:1-events
   6203  1000     0 passwd
   6229     0     0 systemd-userwor
   6241  1234  1234 ps
