  Файл: /home/user1
  Размер: 218       	Блоков: 0          Блок В/В: 4096   каталог
Устройство: 0/52	Инода: 15071       Ссылки: 1
Доступ: (0700/drwx------)  Uid: ( 1234/   user1)   Gid: ( 1234/   user1)
Контекст: unconfined_u:object_r:user_home_dir_t:s0
Доступ:        2026-09-29 13:28:56.606296676 +0300
Модифицирован: 2026-09-29 14:09:03.339353668 +0300
Изменён:       2026-09-29 14:09:03.339353668 +0300
Создан:        2026-09-28 18:44:00.960208540 +0300
  Файл: /home/user1/catuser1
  Размер: 40696     	Блоков: 80         Блок В/В: 4096   обычный файл
Устройство: 0/52	Инода: 15178       Ссылки: 1
Доступ: (4755/-rwsr-xr-x)  Uid: (    0/    root)   Gid: (    0/    root)
Контекст: unconfined_u:object_r:user_home_t:s0
Доступ:        2026-09-29 13:25:29.306245885 +0300
Модифицирован: 2026-09-29 13:17:54.358214344 +0300
Изменён:       2026-09-29 13:25:10.235203781 +0300
Создан:        2026-09-29 13:17:54.358214344 +0300
  Файл: /home/user1/chownuser1
  Размер: 69984     	Блоков: 144        Блок В/В: 4096   обычный файл
Устройство: 0/52	Инода: 15199       Ссылки: 1
Доступ: (4755/-rwsr-xr-x)  Uid: (    0/    root)   Gid: (    0/    root)
Контекст: unconfined_u:object_r:user_home_t:s0
Доступ:        2026-09-29 13:30:23.758013636 +0300
Модифицирован: 2026-09-29 13:28:42.454181222 +0300
Изменён:       2026-09-29 13:29:21.507501535 +0300
Создан:        2026-09-29 13:28:42.454181222 +0300
